--2026-03-17 10:34:59--  https://zenodo.org/records/15733378/files/ecoli_and_lambda.tar
Resolving zenodo.org (zenodo.org)... 188.184.98.114, 188.184.103.118, 137.138.52.235, ...
Connecting to zenodo.org (zenodo.org)|188.184.98.114|:443... connected.
HTTP request sent, awaiting response... 200 OK
Length: 8632320 (8.2M) [application/octet-stream]
Saving to: ‘ecoli_and_lambda.tar’

     0K .......... .......... .......... .......... ..........  0%  260K 32s
    50K .......... .......... .......... .......... ..........  1%  533K 24s
   100K .......... .......... .......... .......... ..........  1% 18.5M 16s
   150K .......... .......... .......... .......... ..........  2%  121M 12s
   200K .......... .......... .......... .......... ..........  2%  520K 13s
   250K .......... .......... .......... .......... ..........  3%  524K 13s
   300K .......... .......... .......... .......... ..........  4% 91.2M 11s
   350K .......... .......... .......... .......... ..........  4%  523K 12s
   400K .......... .......... .......... .......... ..........  5%  523K 12s
   450K .......... .......... .......... .......... ..........  5%  145M 11s
   500K .......... .......... .......... .......... ..........  6%  114M 10s
   550K .......... .......... .......... .......... ..........  7%  522K 10s
   600K .......... .......... .......... .......... ..........  7%  522K 10s
   650K .......... .......... .......... .......... ..........  8%  112M 10s
   700K .......... .......... .......... .......... ..........  8%  136M 9s
   750K .......... .......... .......... .......... ..........  9%  523K 9s
   800K .......... .......... .......... .......... .......... 10%  106M 9s
   850K .......... .......... .......... .......... .......... 10%  523K 9s
   900K .......... .......... .......... .......... .......... 11%  106M 8s
   950K .......... .......... .......... .......... .......... 11%  522K 9s
  1000K .......... .......... .......... .......... .......... 12%  135M 8s
  1050K .......... .......... .......... .......... .......... 13%  523K 8s
  1100K .......... .......... .......... .......... .......... 13%  114M 8s
  1150K .......... .......... .......... .......... .......... 14%  523K 8s
  1200K .......... .......... .......... .......... .......... 14%  128M 8s
  1250K .......... .......... .......... .......... .......... 15%  126M 7s
  1300K .......... .......... .......... .......... .......... 16%  523K 8s
  1350K .......... .......... .......... .......... .......... 16%  102M 7s
  1400K .......... .......... .......... .......... .......... 17%  523K 7s
  1450K .......... .......... .......... .......... .......... 17%  124M 7s
  1500K .......... .......... .......... .......... .......... 18%  124M 7s
  1550K .......... .......... .......... .......... .......... 18%  522K 7s
  1600K .......... .......... .......... .......... .......... 19%  131M 7s
  1650K .......... .......... .......... .......... .......... 20%  523K 7s
  1700K .......... .......... .......... .......... .......... 20%  120M 7s
  1750K .......... .......... .......... .......... .......... 21% 87.6M 6s
  1800K .......... .......... .......... .......... .......... 21%  524K 6s
  1850K .......... .......... .......... .......... .......... 22%  108M 6s
  1900K .......... .......... .......... .......... .......... 23%  522K 6s
  1950K .......... .......... .......... .......... .......... 23%  113M 6s
  2000K .......... .......... .......... .......... .......... 24%  523K 6s
  2050K .......... .......... .......... .......... .......... 24%  140M 6s
  2100K .......... .......... .......... .......... .......... 25% 90.6M 6s
  2150K .......... .......... .......... .......... .......... 26%  523K 6s
  2200K .......... .......... .......... .......... .......... 26%  146M 6s
  2250K .......... .......... .......... .......... .......... 27%  523K 6s
  2300K .......... .......... .......... .......... .......... 27%  108M 6s
  2350K .......... .......... .......... .......... .......... 28%  522K 6s
  2400K .......... .......... .......... .......... .......... 29% 41.8M 6s
  2450K .......... .......... .......... .......... .......... 29%  524K 6s
  2500K .......... .......... .......... .......... .......... 30% 88.7M 6s
  2550K .......... .......... .......... .......... .......... 30%  122M 5s
  2600K .......... .......... .......... .......... .......... 31%  105M 5s
  2650K .......... .......... .......... .......... .......... 32%  523K 5s
  2700K .......... .......... .......... .......... .......... 32%  110M 5s
  2750K .......... .......... .......... .......... .......... 33%  105M 5s
  2800K .......... .......... .......... .......... .......... 33%  113M 5s
  2850K .......... .......... .......... .......... .......... 34%  522K 5s
  2900K .......... .......... .......... .......... .......... 34% 99.7M 5s
  2950K .......... .......... .......... .......... .......... 35%  523K 5s
  3000K .......... .......... .......... .......... .......... 36%  522K 5s
  3050K .......... .......... .......... .......... .......... 36%  113M 5s
  3100K .......... .......... .......... .......... .......... 37%  112M 5s
  3150K .......... .......... .......... .......... .......... 37%  521K 5s
  3200K .......... .......... .......... .......... .......... 38%  124M 5s
  3250K .......... .......... .......... .......... .......... 39%  523K 5s
  3300K .......... .......... .......... .......... .......... 39%  110M 5s
  3350K .......... .......... .......... .......... .......... 40%  117M 4s
  3400K .......... .......... .......... .......... .......... 40%  523K 4s
  3450K .......... .......... .......... .......... .......... 41%  110M 4s
  3500K .......... .......... .......... .......... .......... 42%  514K 4s
  3550K .......... .......... .......... .......... .......... 42%  128M 4s
  3600K .......... .......... .......... .......... .......... 43%  521K 4s
  3650K .......... .......... .......... .......... .......... 43% 92.5M 4s
  3700K .......... .......... .......... .......... .......... 44%  523K 4s
  3750K .......... .......... .......... .......... .......... 45%  132M 4s
  3800K .......... .......... .......... .......... .......... 45%  113M 4s
  3850K .......... .......... .......... .......... .......... 46%  109M 4s
  3900K .......... .......... .......... .......... .......... 46%  523K 4s
  3950K .......... .......... .......... .......... .......... 47%  134M 4s
  4000K .......... .......... .......... .......... .......... 48%  522K 4s
  4050K .......... .......... .......... .......... .......... 48%  125M 4s
  4100K .......... .......... .......... .......... .......... 49%  131M 4s
  4150K .......... .......... .......... .......... .......... 49%  114M 4s
  4200K .......... .......... .......... .......... .......... 50%  112M 4s
  4250K .......... .......... .......... .......... .......... 51%  523K 4s
  4300K .......... .......... .......... .......... .......... 51%  524K 4s
  4350K .......... .......... .......... .......... .......... 52%  128M 3s
  4400K .......... .......... .......... .......... .......... 52%  523K 3s
  4450K .......... .......... .......... .......... .......... 53%  520K 3s
  4500K .......... .......... .......... .......... .......... 53%  120M 3s
  4550K .......... .......... .......... .......... .......... 54%  523K 3s
  4600K .......... .......... .......... .......... .......... 55%  112M 3s
  4650K .......... .......... .......... .......... .......... 55%  523K 3s
  4700K .......... .......... .......... .......... .......... 56%  113M 3s
  4750K .......... .......... .......... .......... .......... 56%  137M 3s
  4800K .......... .......... .......... .......... .......... 57%  521K 3s
  4850K .......... .......... .......... .......... .......... 58%  523K 3s
  4900K .......... .......... .......... .......... .......... 58%  118M 3s
  4950K .......... .......... .......... .......... .......... 59%  134M 3s
  5000K .......... .......... .......... .......... .......... 59%  376K 3s
  5050K .......... .......... .......... .......... .......... 60%  835K 3s
  5100K .......... .......... .......... .......... .......... 61% 1.36M 3s
  5150K .......... .......... .......... .......... .......... 61% 98.1M 3s
  5200K .......... .......... .......... .......... .......... 62%  524K 3s
  5250K .......... .......... .......... .......... .......... 62%  116M 3s
  5300K .......... .......... .......... .......... .......... 63%  113M 3s
  5350K .......... .......... .......... .......... .......... 64%  108M 3s
  5400K .......... .......... .......... .......... .......... 64%  524K 3s
  5450K .......... .......... .......... .......... .......... 65%  110M 3s
  5500K .......... .......... .......... .......... .......... 65%  523K 3s
  5550K .......... .......... .......... .......... .......... 66% 91.7M 2s
  5600K .......... .......... .......... .......... .......... 67%  524K 2s
  5650K .......... .......... .......... .......... .......... 67%  118M 2s
  5700K .......... .......... .......... .......... .......... 68%  523K 2s
  5750K .......... .......... .......... .......... .......... 68%  523K 2s
  5800K .......... .......... .......... .......... .......... 69%  130M 2s
  5850K .......... .......... .......... .......... .......... 69%  114M 2s
  5900K .......... .......... .......... .......... .......... 70%  524K 2s
  5950K .......... .......... .......... .......... .......... 71% 91.7M 2s
  6000K .......... .......... .......... .......... .......... 71%  523K 2s
  6050K .......... .......... .......... .......... .......... 72%  114M 2s
  6100K .......... .......... .......... .......... .......... 72%  524K 2s
  6150K .......... .......... .......... .......... .......... 73%  120M 2s
  6200K .......... .......... .......... .......... .......... 74%  524K 2s
  6250K .......... .......... .......... .......... .......... 74%  520K 2s
  6300K .......... .......... .......... .......... .......... 75% 93.6M 2s
  6350K .......... .......... .......... .......... .......... 75%  524K 2s
  6400K .......... .......... .......... .......... .......... 76%  105M 2s
  6450K .......... .......... .......... .......... .......... 77%  123M 2s
  6500K .......... .......... .......... .......... .......... 77%  524K 2s
  6550K .......... .......... .......... .......... .......... 78%  123M 2s
  6600K .......... .......... .......... .......... .......... 78%  522K 2s
  6650K .......... .......... .......... .......... .......... 79%  134M 2s
  6700K .......... .......... .......... .......... .......... 80% 91.3M 1s
  6750K .......... .......... .......... .......... .......... 80%  524K 1s
  6800K .......... .......... .......... .......... .......... 81%  115M 1s
  6850K .......... .......... .......... .......... .......... 81%  523K 1s
  6900K .......... .......... .......... .......... .......... 82%  109M 1s
  6950K .......... .......... .......... .......... .......... 83%  523K 1s
  7000K .......... .......... .......... .......... .......... 83%  125M 1s
  7050K .......... .......... .......... .......... .......... 84% 90.4M 1s
  7100K .......... .......... .......... .......... .......... 84%  125M 1s
  7150K .......... .......... .......... .......... .......... 85%  523K 1s
  7200K .......... .......... .......... .......... .......... 86%  123M 1s
  7250K .......... .......... .......... .......... .......... 86%  118M 1s
  7300K .......... .......... .......... .......... .......... 87%  121M 1s
  7350K .......... .......... .......... .......... .......... 87%  118M 1s
  7400K .......... .......... .......... .......... .......... 88%  523K 1s
  7450K .......... .......... .......... .......... .......... 88%  522K 1s
  7500K .......... .......... .......... .......... .......... 89%  118M 1s
  7550K .......... .......... .......... .......... .......... 90%  523K 1s
  7600K .......... .......... .......... .......... .......... 90%  109M 1s
  7650K .......... .......... .......... .......... .......... 91%  135M 1s
  7700K .......... .......... .......... .......... .......... 91%  524K 1s
  7750K .......... .......... .......... .......... .......... 92%  117M 1s
  7800K .......... .......... .......... .......... .......... 93%  523K 1s
  7850K .......... .......... .......... .......... .......... 93% 83.3M 0s
  7900K .......... .......... .......... .......... .......... 94%  129M 0s
  7950K .......... .......... .......... .......... .......... 94%  523K 0s
  8000K .......... .......... .......... .......... .......... 95%  131M 0s
  8050K .......... .......... .......... .......... .......... 96%  517K 0s
  8100K .......... .......... .......... .......... .......... 96%  125M 0s
  8150K .......... .......... .......... .......... .......... 97%  117M 0s
  8200K .......... .......... .......... .......... .......... 97%  522K 0s
  8250K .......... .......... .......... .......... .......... 98%  138M 0s
  8300K .......... .......... .......... .......... .......... 99%  524K 0s
  8350K .......... .......... .......... .......... .......... 99%  113M 0s
  8400K .......... .......... ..........                      100%  173M=7.2s

2026-03-17 10:35:07 (1.15 MB/s) - ‘ecoli_and_lambda.tar’ saved [8632320/8632320]

java -ea  --add-modules jdk.incubator.vector -Xmx109690m -Xms109690m -cp /sciclone/home/sjhendricks/.conda/envs/bbmap-env/opt/bbmap-39.79-0/bbtools.jar align2.BBMap build=1 overwrite=true fastareadlen=500 ref=ecoli_bl21de3.fasta in=lambda_reads.fastq out=mapping.sam nodisk=t ambiguous=best minid=0.9 threads=2
WARNING: Using incubator modules: jdk.incubator.vector
Executing align2.BBMap [build=1, overwrite=true, fastareadlen=500, ref=ecoli_bl21de3.fasta, in=lambda_reads.fastq, out=mapping.sam, nodisk=t, ambiguous=best, minid=0.9, threads=2]
Version 39.79

Set threads to 2
Retaining first best site only for ambiguous mappings.
Set MINIMUM_ALIGNMENT_SCORE_RATIO to 0.816
Executing dna.FastaToChromArrays2 [ecoli_bl21de3.fasta, 1, writeinthread=false, genscaffoldinfo=true, retain, waitforwriting=false, gz=true, maxlen=536670912, writechroms=false, minscaf=1, midpad=300, startpad=8000, stoppad=8000, nodisk=true]

Set genScaffoldInfo=true
Set genome to 1

Loaded Reference:	0.002 seconds.
Loading index for chunk 1-1, build 1
Indexing threads started for block 0-1
Indexing threads finished for block 0-1
Generated Index:	0.572 seconds.
Analyzed Index:   	2.699 seconds.
Started output stream:	0.254 seconds.
Cleared Memory:    	0.160 seconds.
Processing reads in single-ended mode.
Started read stream.
Started 2 mapping threads.
Detecting finished threads: 0, 1

   ------------------   Results   ------------------   

Genome:                	1
Key Length:            	13
Max Indel:             	16000
Minimum Score Ratio:  	0.8162
Mapping Mode:         	normal
Reads Used:           	10000	(1502980 bases)

Mapping:          	1.440 seconds.
Reads/sec:       	6945.16
kBases/sec:      	1043.84


Read 1 data:      	pct reads	num reads 	pct bases	   num bases

mapped:          	 73.9100% 	     7391 	 73.8730% 	     1110296
unambiguous:     	 73.3400% 	     7334 	 73.3881% 	     1103008
ambiguous:       	  0.5700% 	       57 	  0.4849% 	        7288
low-Q discards:  	  0.0000% 	        0 	  0.0000% 	           0

perfect best site:	 47.8200% 	     4782 	 46.8839% 	      704656
semiperfect site:	 47.8200% 	     4782 	 46.8839% 	      704656

Match Rate:      	      NA 	       NA 	 89.9328% 	     1106747
Error Rate:      	 34.4923% 	     2609 	 10.0672% 	      123891
Sub Rate:        	 33.7520% 	     2553 	  0.2853% 	        3511
Del Rate:        	  0.8461% 	       64 	  9.7788% 	      120342
Ins Rate:        	  0.4627% 	       35 	  0.0031% 	          38
N Rate:          	  0.0000% 	        0 	  0.0000% 	           0

Total time:     	5.927 seconds.
